// Vitest Snapshot v1, https://vitest.dev/guide/snapshot.html

exports[`POST /api/tour/estimate (characterization) > happy path: pins the full estimate response body for an explicit venue capacity (deterministic, no RNG) 1`] = `
{
  "breakdown": {
    "breakdown": {
      "marketingBudgetPerCity": 2000,
      "productionFeePerCity": 1080,
      "venueFeePerCity": 1600,
    },
    "marketingBudget": 6000,
    "productionFees": 3240,
    "totalCosts": 14040,
    "venueFees": 4800,
  },
  "canAfford": true,
  "cities": [
    {
      "cityNumber": 1,
      "marketingCost": 2000,
      "merchRevenue": 1516,
      "productionFee": 1080,
      "profit": 6941,
      "sellThroughRate": 0.6261,
      "ticketRevenue": 10105,
      "totalCosts": 4680,
      "totalRevenue": 11621,
      "venueCapacity": 400,
      "venueFee": 1600,
    },
    {
      "cityNumber": 2,
      "marketingCost": 2000,
      "merchRevenue": 1516,
      "productionFee": 1080,
      "profit": 6941,
      "sellThroughRate": 0.6261,
      "ticketRevenue": 10105,
      "totalCosts": 4680,
      "totalRevenue": 11621,
      "venueCapacity": 400,
      "venueFee": 1600,
    },
    {
      "cityNumber": 3,
      "marketingCost": 2000,
      "merchRevenue": 1516,
      "productionFee": 1080,
      "profit": 6941,
      "sellThroughRate": 0.6261,
      "ticketRevenue": 10105,
      "totalCosts": 4680,
      "totalRevenue": 11621,
      "venueCapacity": 400,
      "venueFee": 1600,
    },
  ],
  "estimatedProfit": 20821,
  "estimatedRevenue": 34861,
  "playerTier": "clubs",
  "pricePerTicket": 40,
  "roi": 148.29772079772079,
  "selectedCapacity": 400,
  "sellThroughAnalysis": {
    "baseRate": 0.15,
    "budgetQualityBonus": 0.0825,
    "finalRate": 0.6261,
    "popularityBonus": 0.2736,
    "reputationBonus": 0.020000000000000004,
  },
  "sellThroughRate": 0.6261,
  "tierRange": {
    "max": 500,
    "min": 50,
  },
  "totalBudget": 14040,
  "totalCosts": 14040,
  "venueCapacity": 400,
  "venueCategory": {
    "advice": "Balanced risk/reward. Good revenue potential with manageable fill requirements.",
    "category": "Mid-Size Venue",
    "description": "Balanced capacity",
    "riskLevel": "medium",
  },
}
`;
